Archive member included to satisfy reference by file (symbol)

/usr/lib/gcc/arm-none-eabi/12.2.1/thumb/v6-m/nofp/libgcc.a(_udivsi3.o)
                              build/sam_d21_xpro/production/_ext/869718558/plib_systick.o (__aeabi_uidiv)
/usr/lib/gcc/arm-none-eabi/12.2.1/thumb/v6-m/nofp/libgcc.a(_dvmd_tls.o)
                              /usr/lib/gcc/arm-none-eabi/12.2.1/thumb/v6-m/nofp/libgcc.a(_udivsi3.o) (__aeabi_idiv0)
/usr/lib/gcc/arm-none-eabi/12.2.1/../../../arm-none-eabi/lib/thumb/v6-m/nofp/libc.a(lib_a-atexit.o)
                              /usr/lib/gcc/arm-none-eabi/12.2.1/../../../arm-none-eabi/lib/thumb/v6-m/nofp/crt0.o (atexit)
/usr/lib/gcc/arm-none-eabi/12.2.1/../../../arm-none-eabi/lib/thumb/v6-m/nofp/libc.a(lib_a-exit.o)
                              /usr/lib/gcc/arm-none-eabi/12.2.1/../../../arm-none-eabi/lib/thumb/v6-m/nofp/crt0.o (exit)
/usr/lib/gcc/arm-none-eabi/12.2.1/../../../arm-none-eabi/lib/thumb/v6-m/nofp/libc.a(lib_a-fini.o)
                              /usr/lib/gcc/arm-none-eabi/12.2.1/../../../arm-none-eabi/lib/thumb/v6-m/nofp/crt0.o (__libc_fini_array)
/usr/lib/gcc/arm-none-eabi/12.2.1/../../../arm-none-eabi/lib/thumb/v6-m/nofp/libc.a(lib_a-impure.o)
                              /usr/lib/gcc/arm-none-eabi/12.2.1/../../../arm-none-eabi/lib/thumb/v6-m/nofp/libc.a(lib_a-exit.o) (_global_impure_ptr)
/usr/lib/gcc/arm-none-eabi/12.2.1/../../../arm-none-eabi/lib/thumb/v6-m/nofp/libc.a(lib_a-init.o)
                              /usr/lib/gcc/arm-none-eabi/12.2.1/../../../arm-none-eabi/lib/thumb/v6-m/nofp/crt0.o (__libc_init_array)
/usr/lib/gcc/arm-none-eabi/12.2.1/../../../arm-none-eabi/lib/thumb/v6-m/nofp/libc.a(lib_a-memcpy-stub.o)
                              build/sam_d21_xpro/production/_ext/1104193656/plib_nvmctrl.o (memcpy)
/usr/lib/gcc/arm-none-eabi/12.2.1/../../../arm-none-eabi/lib/thumb/v6-m/nofp/libc.a(lib_a-memset.o)
                              /usr/lib/gcc/arm-none-eabi/12.2.1/../../../arm-none-eabi/lib/thumb/v6-m/nofp/crt0.o (memset)
/usr/lib/gcc/arm-none-eabi/12.2.1/../../../arm-none-eabi/lib/thumb/v6-m/nofp/libc.a(lib_a-__atexit.o)
                              /usr/lib/gcc/arm-none-eabi/12.2.1/../../../arm-none-eabi/lib/thumb/v6-m/nofp/libc.a(lib_a-atexit.o) (__register_exitproc)
/usr/lib/gcc/arm-none-eabi/12.2.1/../../../arm-none-eabi/lib/thumb/v6-m/nofp/libc.a(lib_a-__call_atexit.o)
                              /usr/lib/gcc/arm-none-eabi/12.2.1/../../../arm-none-eabi/lib/thumb/v6-m/nofp/libc.a(lib_a-exit.o) (__call_exitprocs)

Discarded input sections

 .text          0x00000000        0x0 /usr/lib/gcc/arm-none-eabi/12.2.1/thumb/v6-m/nofp/crti.o
 .data          0x00000000        0x0 /usr/lib/gcc/arm-none-eabi/12.2.1/thumb/v6-m/nofp/crti.o
 .bss           0x00000000        0x0 /usr/lib/gcc/arm-none-eabi/12.2.1/thumb/v6-m/nofp/crti.o
 .data          0x00000000        0x4 /usr/lib/gcc/arm-none-eabi/12.2.1/thumb/v6-m/nofp/crtbegin.o
 .rodata        0x00000000       0x24 /usr/lib/gcc/arm-none-eabi/12.2.1/thumb/v6-m/nofp/crtbegin.o
 .text          0x00000000       0x74 /usr/lib/gcc/arm-none-eabi/12.2.1/../../../arm-none-eabi/lib/thumb/v6-m/nofp/crt0.o
 .data          0x00000000        0x0 /usr/lib/gcc/arm-none-eabi/12.2.1/../../../arm-none-eabi/lib/thumb/v6-m/nofp/crt0.o
 .bss           0x00000000        0x0 /usr/lib/gcc/arm-none-eabi/12.2.1/../../../arm-none-eabi/lib/thumb/v6-m/nofp/crt0.o
 .ARM.extab     0x00000000        0x0 /usr/lib/gcc/arm-none-eabi/12.2.1/../../../arm-none-eabi/lib/thumb/v6-m/nofp/crt0.o
 .ARM.exidx     0x00000000       0x10 /usr/lib/gcc/arm-none-eabi/12.2.1/../../../arm-none-eabi/lib/thumb/v6-m/nofp/crt0.o
 .debug_line    0x00000000       0x7a /usr/lib/gcc/arm-none-eabi/12.2.1/../../../arm-none-eabi/lib/thumb/v6-m/nofp/crt0.o
 .debug_line_str
                0x00000000       0x82 /usr/lib/gcc/arm-none-eabi/12.2.1/../../../arm-none-eabi/lib/thumb/v6-m/nofp/crt0.o
 .debug_info    0x00000000       0x24 /usr/lib/gcc/arm-none-eabi/12.2.1/../../../arm-none-eabi/lib/thumb/v6-m/nofp/crt0.o
 .debug_abbrev  0x00000000       0x14 /usr/lib/gcc/arm-none-eabi/12.2.1/../../../arm-none-eabi/lib/thumb/v6-m/nofp/crt0.o
 .debug_aranges
                0x00000000       0x20 /usr/lib/gcc/arm-none-eabi/12.2.1/../../../arm-none-eabi/lib/thumb/v6-m/nofp/crt0.o
 .debug_str     0x00000000       0x8e /usr/lib/gcc/arm-none-eabi/12.2.1/../../../arm-none-eabi/lib/thumb/v6-m/nofp/crt0.o
 .ARM.attributes
                0x00000000       0x1b /usr/lib/gcc/arm-none-eabi/12.2.1/../../../arm-none-eabi/lib/thumb/v6-m/nofp/crt0.o
 .text          0x00000000        0x0 build/sam_d21_xpro/production/_ext/600686086/plib_clock.o
 .data          0x00000000        0x0 build/sam_d21_xpro/production/_ext/600686086/plib_clock.o
 .bss           0x00000000        0x0 build/sam_d21_xpro/production/_ext/600686086/plib_clock.o
 .text          0x00000000        0x0 build/sam_d21_xpro/production/_ext/602835572/plib_evsys.o
 .data          0x00000000        0x0 build/sam_d21_xpro/production/_ext/602835572/plib_evsys.o
 .bss           0x00000000        0x0 build/sam_d21_xpro/production/_ext/602835572/plib_evsys.o
 .text.EVSYS_Initialize
                0x00000000        0x2 build/sam_d21_xpro/production/_ext/602835572/plib_evsys.o
 .comment       0x00000000       0x27 build/sam_d21_xpro/production/_ext/602835572/plib_evsys.o
 .ARM.attributes
                0x00000000       0x2c build/sam_d21_xpro/production/_ext/602835572/plib_evsys.o
 .text          0x00000000        0x0 build/sam_d21_xpro/production/_ext/2097924074/plib_nvic.o
 .data          0x00000000        0x0 build/sam_d21_xpro/production/_ext/2097924074/plib_nvic.o
 .bss           0x00000000        0x0 build/sam_d21_xpro/production/_ext/2097924074/plib_nvic.o
 .text.NVIC_INT_Enable
                0x00000000        0x8 build/sam_d21_xpro/production/_ext/2097924074/plib_nvic.o
 .text.NVIC_INT_Disable
                0x00000000       0x12 build/sam_d21_xpro/production/_ext/2097924074/plib_nvic.o
 .text.NVIC_INT_Restore
                0x00000000       0x14 build/sam_d21_xpro/production/_ext/2097924074/plib_nvic.o
 .text.NVIC_INT_SourceDisable
                0x00000000       0x44 build/sam_d21_xpro/production/_ext/2097924074/plib_nvic.o
 .text.NVIC_INT_SourceRestore
                0x00000000       0x1c build/sam_d21_xpro/production/_ext/2097924074/plib_nvic.o
 .text          0x00000000        0x0 build/sam_d21_xpro/production/_ext/1104193656/plib_nvmctrl.o
 .data          0x00000000        0x0 build/sam_d21_xpro/production/_ext/1104193656/plib_nvmctrl.o
 .bss           0x00000000        0x0 build/sam_d21_xpro/production/_ext/1104193656/plib_nvmctrl.o
 .text.NVMCTRL_CacheInvalidate
                0x00000000       0x10 build/sam_d21_xpro/production/_ext/1104193656/plib_nvmctrl.o
 .text.NVMCTRL_Read
                0x00000000       0x14 build/sam_d21_xpro/production/_ext/1104193656/plib_nvmctrl.o
 .text.NVMCTRL_PageBufferWrite
                0x00000000       0x12 build/sam_d21_xpro/production/_ext/1104193656/plib_nvmctrl.o
 .text.NVMCTRL_PageBufferCommit
                0x00000000       0x18 build/sam_d21_xpro/production/_ext/1104193656/plib_nvmctrl.o
 .text.NVMCTRL_PageWrite
                0x00000000       0x28 build/sam_d21_xpro/production/_ext/1104193656/plib_nvmctrl.o
 .text.NVMCTRL_RowErase
                0x00000000       0x18 build/sam_d21_xpro/production/_ext/1104193656/plib_nvmctrl.o
 .text.NVMCTRL_USER_ROW_PageWrite
                0x00000000       0x38 build/sam_d21_xpro/production/_ext/1104193656/plib_nvmctrl.o
 .text.NVMCTRL_USER_ROW_RowErase
                0x00000000       0x2c build/sam_d21_xpro/production/_ext/1104193656/plib_nvmctrl.o
 .text.NVMCTRL_ErrorGet
                0x00000000       0x18 build/sam_d21_xpro/production/_ext/1104193656/plib_nvmctrl.o
 .text.NVMCTRL_IsBusy
                0x00000000       0x10 build/sam_d21_xpro/production/_ext/1104193656/plib_nvmctrl.o
 .text.NVMCTRL_RegionLock
                0x00000000       0x14 build/sam_d21_xpro/production/_ext/1104193656/plib_nvmctrl.o
 .text.NVMCTRL_RegionUnlock
                0x00000000       0x14 build/sam_d21_xpro/production/_ext/1104193656/plib_nvmctrl.o
 .text.NVMCTRL_SecurityBitSet
                0x00000000       0x10 build/sam_d21_xpro/production/_ext/1104193656/plib_nvmctrl.o
 .text          0x00000000        0x0 build/sam_d21_xpro/production/_ext/2097977225/plib_port.o
 .data          0x00000000        0x0 build/sam_d21_xpro/production/_ext/2097977225/plib_port.o
 .bss           0x00000000        0x0 build/sam_d21_xpro/production/_ext/2097977225/plib_port.o
 .text.PORT_GroupRead
                0x00000000        0x4 build/sam_d21_xpro/production/_ext/2097977225/plib_port.o
 .text.PORT_GroupWrite
                0x00000000        0xc build/sam_d21_xpro/production/_ext/2097977225/plib_port.o
 .text.PORT_GroupLatchRead
                0x00000000        0x4 build/sam_d21_xpro/production/_ext/2097977225/plib_port.o
 .text.PORT_GroupSet
                0x00000000        0x4 build/sam_d21_xpro/production/_ext/2097977225/plib_port.o
 .text.PORT_GroupClear
                0x00000000        0x4 build/sam_d21_xpro/production/_ext/2097977225/plib_port.o
 .text.PORT_GroupToggle
                0x00000000        0x4 build/sam_d21_xpro/production/_ext/2097977225/plib_port.o
 .text.PORT_GroupInputEnable
                0x00000000       0x24 build/sam_d21_xpro/production/_ext/2097977225/plib_port.o
 .text.PORT_GroupOutputEnable
                0x00000000        0x4 build/sam_d21_xpro/production/_ext/2097977225/plib_port.o
 .text.PORT_PinPeripheralFunctionConfig
                0x00000000       0x48 build/sam_d21_xpro/production/_ext/2097977225/plib_port.o
 .text.PORT_PinGPIOConfig
                0x00000000       0x20 build/sam_d21_xpro/production/_ext/2097977225/plib_port.o
 .text          0x00000000        0x0 build/sam_d21_xpro/production/_ext/869718558/plib_systick.o
 .data          0x00000000        0x0 build/sam_d21_xpro/production/_ext/869718558/plib_systick.o
 .text.SYSTICK_TimerRestart
                0x00000000       0x1c build/sam_d21_xpro/production/_ext/869718558/plib_systick.o
 .text.SYSTICK_TimerStart
                0x00000000       0x14 build/sam_d21_xpro/production/_ext/869718558/plib_systick.o
 .text.SYSTICK_TimerStop
                0x00000000       0x10 build/sam_d21_xpro/production/_ext/869718558/plib_systick.o
 .text.SYSTICK_TimerPeriodSet
                0x00000000        0xc build/sam_d21_xpro/production/_ext/869718558/plib_systick.o
 .text.SYSTICK_TimerPeriodGet
                0x00000000        0xc build/sam_d21_xpro/production/_ext/869718558/plib_systick.o
 .text.SYSTICK_TimerCounterGet
                0x00000000        0xc build/sam_d21_xpro/production/_ext/869718558/plib_systick.o
 .text.SYSTICK_TimerFrequencyGet
                0x00000000        0x8 build/sam_d21_xpro/production/_ext/869718558/plib_systick.o
 .text.SYSTICK_DelayMs
                0x00000000       0x3c build/sam_d21_xpro/production/_ext/869718558/plib_systick.o
 .text.SYSTICK_DelayUs
                0x00000000       0x38 build/sam_d21_xpro/production/_ext/869718558/plib_systick.o
 .text.SYSTICK_GetTickCounter
                0x00000000        0xc build/sam_d21_xpro/production/_ext/869718558/plib_systick.o
 .text.SYSTICK_StartTimeOut
                0x00000000       0x24 build/sam_d21_xpro/production/_ext/869718558/plib_systick.o
 .text.SYSTICK_ResetTimeOut
                0x00000000        0xc build/sam_d21_xpro/production/_ext/869718558/plib_systick.o
 .text.SYSTICK_IsTimeoutReached
                0x00000000       0x18 build/sam_d21_xpro/production/_ext/869718558/plib_systick.o
 .text.SYSTICK_TimerCallbackSet
                0x00000000        0xc build/sam_d21_xpro/production/_ext/869718558/plib_systick.o
 .text          0x00000000        0x0 build/sam_d21_xpro/production/_ext/2010529844/plib_tcc0.o
 .data          0x00000000        0x0 build/sam_d21_xpro/production/_ext/2010529844/plib_tcc0.o
 .text.TCC0_PWMStop
                0x00000000       0x18 build/sam_d21_xpro/production/_ext/2010529844/plib_tcc0.o
 .text.TCC0_PWM24bitPeriodSet
                0x00000000       0x1c build/sam_d21_xpro/production/_ext/2010529844/plib_tcc0.o
 .text.TCC0_PWMDeadTimeSet
                0x00000000       0x1c build/sam_d21_xpro/production/_ext/2010529844/plib_tcc0.o
 .text.TCC0_PWMPatternSet
                0x00000000       0x20 build/sam_d21_xpro/production/_ext/2010529844/plib_tcc0.o
 .text.TCC0_PWM24bitCounterGet
                0x00000000       0x20 build/sam_d21_xpro/production/_ext/2010529844/plib_tcc0.o
 .text.TCC0_PWM24bitCounterSet
                0x00000000       0x18 build/sam_d21_xpro/production/_ext/2010529844/plib_tcc0.o
 .text.TCC0_PWMForceUpdate
                0x00000000       0x18 build/sam_d21_xpro/production/_ext/2010529844/plib_tcc0.o
 .text.TCC0_PWMPeriodInterruptEnable
                0x00000000        0xc build/sam_d21_xpro/production/_ext/2010529844/plib_tcc0.o
 .text.TCC0_PWMPeriodInterruptDisable
                0x00000000        0xc build/sam_d21_xpro/production/_ext/2010529844/plib_tcc0.o
 .text          0x00000000        0x0 build/sam_d21_xpro/production/_ext/128142748/initialization.o
 .data          0x00000000        0x0 build/sam_d21_xpro/production/_ext/128142748/initialization.o
 .bss           0x00000000        0x0 build/sam_d21_xpro/production/_ext/128142748/initialization.o
 .text          0x00000000        0x0 build/sam_d21_xpro/production/_ext/128142748/interrupts.o
 .data          0x00000000        0x0 build/sam_d21_xpro/production/_ext/128142748/interrupts.o
 .bss           0x00000000        0x0 build/sam_d21_xpro/production/_ext/128142748/interrupts.o
 .text          0x00000000        0x0 build/sam_d21_xpro/production/_ext/128142748/exceptions.o
 .data          0x00000000        0x0 build/sam_d21_xpro/production/_ext/128142748/exceptions.o
 .bss           0x00000000        0x0 build/sam_d21_xpro/production/_ext/128142748/exceptions.o
 .text          0x00000000        0x0 build/sam_d21_xpro/production/_ext/128142748/libc_syscalls.o
 .data          0x00000000        0x0 build/sam_d21_xpro/production/_ext/128142748/libc_syscalls.o
 .bss           0x00000000        0x4 build/sam_d21_xpro/production/_ext/128142748/libc_syscalls.o
 .text._exit    0x00000000        0x2 build/sam_d21_xpro/production/_ext/128142748/libc_syscalls.o
 .text._sbrk    0x00000000       0x20 build/sam_d21_xpro/production/_ext/128142748/libc_syscalls.o
 .comment       0x00000000       0x27 build/sam_d21_xpro/production/_ext/128142748/libc_syscalls.o
 .ARM.attributes
                0x00000000       0x2c build/sam_d21_xpro/production/_ext/128142748/libc_syscalls.o
 .text          0x00000000        0x0 build/sam_d21_xpro/production/_ext/1360937237/main.o
 .text          0x00000000        0x0 build/sam_d21_xpro/production/_ext/128142748/startup_gcc.o
 .data          0x00000000        0x0 build/sam_d21_xpro/production/_ext/128142748/startup_gcc.o
 .bss           0x00000000        0x0 build/sam_d21_xpro/production/_ext/128142748/startup_gcc.o
 .text          0x00000000      0x114 /usr/lib/gcc/arm-none-eabi/12.2.1/thumb/v6-m/nofp/libgcc.a(_udivsi3.o)
 .data          0x00000000        0x0 /usr/lib/gcc/arm-none-eabi/12.2.1/thumb/v6-m/nofp/libgcc.a(_udivsi3.o)
 .bss           0x00000000        0x0 /usr/lib/gcc/arm-none-eabi/12.2.1/thumb/v6-m/nofp/libgcc.a(_udivsi3.o)
 .debug_frame   0x00000000       0x20 /usr/lib/gcc/arm-none-eabi/12.2.1/thumb/v6-m/nofp/libgcc.a(_udivsi3.o)
 .debug_line    0x00000000       0x56 /usr/lib/gcc/arm-none-eabi/12.2.1/thumb/v6-m/nofp/libgcc.a(_udivsi3.o)
 .debug_line_str
                0x00000000       0x97 /usr/lib/gcc/arm-none-eabi/12.2.1/thumb/v6-m/nofp/libgcc.a(_udivsi3.o)
 .debug_info    0x00000000       0x3b /usr/lib/gcc/arm-none-eabi/12.2.1/thumb/v6-m/nofp/libgcc.a(_udivsi3.o)
 .debug_abbrev  0x00000000       0x21 /usr/lib/gcc/arm-none-eabi/12.2.1/thumb/v6-m/nofp/libgcc.a(_udivsi3.o)
 .debug_aranges
                0x00000000       0x20 /usr/lib/gcc/arm-none-eabi/12.2.1/thumb/v6-m/nofp/libgcc.a(_udivsi3.o)
 .debug_str     0x00000000       0xbe /usr/lib/gcc/arm-none-eabi/12.2.1/thumb/v6-m/nofp/libgcc.a(_udivsi3.o)
 .ARM.attributes
                0x00000000       0x1e /usr/lib/gcc/arm-none-eabi/12.2.1/thumb/v6-m/nofp/libgcc.a(_udivsi3.o)
 .text          0x00000000        0x4 /usr/lib/gcc/arm-none-eabi/12.2.1/thumb/v6-m/nofp/libgcc.a(_dvmd_tls.o)
 .data          0x00000000        0x0 /usr/lib/gcc/arm-none-eabi/12.2.1/thumb/v6-m/nofp/libgcc.a(_dvmd_tls.o)
 .bss           0x00000000        0x0 /usr/lib/gcc/arm-none-eabi/12.2.1/thumb/v6-m/nofp/libgcc.a(_dvmd_tls.o)
 .debug_line    0x00000000       0x4a /usr/lib/gcc/arm-none-eabi/12.2.1/thumb/v6-m/nofp/libgcc.a(_dvmd_tls.o)
 .debug_line_str
                0x00000000       0x97 /usr/lib/gcc/arm-none-eabi/12.2.1/thumb/v6-m/nofp/libgcc.a(_dvmd_tls.o)
 .debug_info    0x00000000       0x39 /usr/lib/gcc/arm-none-eabi/12.2.1/thumb/v6-m/nofp/libgcc.a(_dvmd_tls.o)
 .debug_abbrev  0x00000000       0x1f /usr/lib/gcc/arm-none-eabi/12.2.1/thumb/v6-m/nofp/libgcc.a(_dvmd_tls.o)
 .debug_aranges
                0x00000000       0x20 /usr/lib/gcc/arm-none-eabi/12.2.1/thumb/v6-m/nofp/libgcc.a(_dvmd_tls.o)
 .debug_str     0x00000000       0xbf /usr/lib/gcc/arm-none-eabi/12.2.1/thumb/v6-m/nofp/libgcc.a(_dvmd_tls.o)
 .ARM.attributes
                0x00000000       0x1e /usr/lib/gcc/arm-none-eabi/12.2.1/thumb/v6-m/nofp/libgcc.a(_dvmd_tls.o)
 .data          0x00000000        0x0 /usr/lib/gcc/arm-none-eabi/12.2.1/../../../arm-none-eabi/lib/thumb/v6-m/nofp/libc.a(lib_a-atexit.o)
 .bss           0x00000000        0x0 /usr/lib/gcc/arm-none-eabi/12.2.1/../../../arm-none-eabi/lib/thumb/v6-m/nofp/libc.a(lib_a-atexit.o)
 .text          0x00000000       0x20 /usr/lib/gcc/arm-none-eabi/12.2.1/../../../arm-none-eabi/lib/thumb/v6-m/nofp/libc.a(lib_a-exit.o)
 .data          0x00000000        0x0 /usr/lib/gcc/arm-none-eabi/12.2.1/../../../arm-none-eabi/lib/thumb/v6-m/nofp/libc.a(lib_a-exit.o)
 .bss           0x00000000        0x0 /usr/lib/gcc/arm-none-eabi/12.2.1/../../../arm-none-eabi/lib/thumb/v6-m/nofp/libc.a(lib_a-exit.o)
 .debug_info    0x00000000      0x90c /usr/lib/gcc/arm-none-eabi/12.2.1/../../../arm-none-eabi/lib/thumb/v6-m/nofp/libc.a(lib_a-exit.o)
 .debug_abbrev  0x00000000      0x22d /usr/lib/gcc/arm-none-eabi/12.2.1/../../../arm-none-eabi/lib/thumb/v6-m/nofp/libc.a(lib_a-exit.o)
 .debug_loclists
                0x00000000       0x1b /usr/lib/gcc/arm-none-eabi/12.2.1/../../../arm-none-eabi/lib/thumb/v6-m/nofp/libc.a(lib_a-exit.o)
 .debug_aranges
                0x00000000       0x20 /usr/lib/gcc/arm-none-eabi/12.2.1/../../../arm-none-eabi/lib/thumb/v6-m/nofp/libc.a(lib_a-exit.o)
 .debug_line    0x00000000      0x16d /usr/lib/gcc/arm-none-eabi/12.2.1/../../../arm-none-eabi/lib/thumb/v6-m/nofp/libc.a(lib_a-exit.o)
 .debug_str     0x00000000      0x574 /usr/lib/gcc/arm-none-eabi/12.2.1/../../../arm-none-eabi/lib/thumb/v6-m/nofp/libc.a(lib_a-exit.o)
 .comment       0x00000000       0x27 /usr/lib/gcc/arm-none-eabi/12.2.1/../../../arm-none-eabi/lib/thumb/v6-m/nofp/libc.a(lib_a-exit.o)
 .debug_frame   0x00000000       0x28 /usr/lib/gcc/arm-none-eabi/12.2.1/../../../arm-none-eabi/lib/thumb/v6-m/nofp/libc.a(lib_a-exit.o)
 .ARM.attributes
                0x00000000       0x2c /usr/lib/gcc/arm-none-eabi/12.2.1/../../../arm-none-eabi/lib/thumb/v6-m/nofp/libc.a(lib_a-exit.o)
 .data          0x00000000        0x0 /usr/lib/gcc/arm-none-eabi/12.2.1/../../../arm-none-eabi/lib/thumb/v6-m/nofp/libc.a(lib_a-fini.o)
 .bss           0x00000000        0x0 /usr/lib/gcc/arm-none-eabi/12.2.1/../../../arm-none-eabi/lib/thumb/v6-m/nofp/libc.a(lib_a-fini.o)
 .text          0x00000000        0x0 /usr/lib/gcc/arm-none-eabi/12.2.1/../../../arm-none-eabi/lib/thumb/v6-m/nofp/libc.a(lib_a-impure.o)
 .bss           0x00000000        0x0 /usr/lib/gcc/arm-none-eabi/12.2.1/../../../arm-none-eabi/lib/thumb/v6-m/nofp/libc.a(lib_a-impure.o)
 .data          0x00000000        0x0 /usr/lib/gcc/arm-none-eabi/12.2.1/../../../arm-none-eabi/lib/thumb/v6-m/nofp/libc.a(lib_a-init.o)
 .bss           0x00000000        0x0 /usr/lib/gcc/arm-none-eabi/12.2.1/../../../arm-none-eabi/lib/thumb/v6-m/nofp/libc.a(lib_a-init.o)
 .text          0x00000000       0x90 /usr/lib/gcc/arm-none-eabi/12.2.1/../../../arm-none-eabi/lib/thumb/v6-m/nofp/libc.a(lib_a-memcpy-stub.o)
 .data          0x00000000        0x0 /usr/lib/gcc/arm-none-eabi/12.2.1/../../../arm-none-eabi/lib/thumb/v6-m/nofp/libc.a(lib_a-memcpy-stub.o)
 .bss           0x00000000        0x0 /usr/lib/gcc/arm-none-eabi/12.2.1/../../../arm-none-eabi/lib/thumb/v6-m/nofp/libc.a(lib_a-memcpy-stub.o)
 .debug_info    0x00000000      0x152 /usr/lib/gcc/arm-none-eabi/12.2.1/../../../arm-none-eabi/lib/thumb/v6-m/nofp/libc.a(lib_a-memcpy-stub.o)
 .debug_abbrev  0x00000000       0xca /usr/lib/gcc/arm-none-eabi/12.2.1/../../../arm-none-eabi/lib/thumb/v6-m/nofp/libc.a(lib_a-memcpy-stub.o)
 .debug_loclists
                0x00000000      0x2a3 /usr/lib/gcc/arm-none-eabi/12.2.1/../../../arm-none-eabi/lib/thumb/v6-m/nofp/libc.a(lib_a-memcpy-stub.o)
 .debug_aranges
                0x00000000       0x20 /usr/lib/gcc/arm-none-eabi/12.2.1/../../../arm-none-eabi/lib/thumb/v6-m/nofp/libc.a(lib_a-memcpy-stub.o)
 .debug_line    0x00000000      0x1e8 /usr/lib/gcc/arm-none-eabi/12.2.1/../../../arm-none-eabi/lib/thumb/v6-m/nofp/libc.a(lib_a-memcpy-stub.o)
 .debug_str     0x00000000      0x1c9 /usr/lib/gcc/arm-none-eabi/12.2.1/../../../arm-none-eabi/lib/thumb/v6-m/nofp/libc.a(lib_a-memcpy-stub.o)
 .comment       0x00000000       0x27 /usr/lib/gcc/arm-none-eabi/12.2.1/../../../arm-none-eabi/lib/thumb/v6-m/nofp/libc.a(lib_a-memcpy-stub.o)
 .debug_frame   0x00000000       0x30 /usr/lib/gcc/arm-none-eabi/12.2.1/../../../arm-none-eabi/lib/thumb/v6-m/nofp/libc.a(lib_a-memcpy-stub.o)
 .ARM.attributes
                0x00000000       0x2c /usr/lib/gcc/arm-none-eabi/12.2.1/../../../arm-none-eabi/lib/thumb/v6-m/nofp/libc.a(lib_a-memcpy-stub.o)
 .text          0x00000000       0xa8 /usr/lib/gcc/arm-none-eabi/12.2.1/../../../arm-none-eabi/lib/thumb/v6-m/nofp/libc.a(lib_a-memset.o)
 .data          0x00000000        0x0 /usr/lib/gcc/arm-none-eabi/12.2.1/../../../arm-none-eabi/lib/thumb/v6-m/nofp/libc.a(lib_a-memset.o)
 .bss           0x00000000        0x0 /usr/lib/gcc/arm-none-eabi/12.2.1/../../../arm-none-eabi/lib/thumb/v6-m/nofp/libc.a(lib_a-memset.o)
 .debug_info    0x00000000      0x135 /usr/lib/gcc/arm-none-eabi/12.2.1/../../../arm-none-eabi/lib/thumb/v6-m/nofp/libc.a(lib_a-memset.o)
 .debug_abbrev  0x00000000       0xb7 /usr/lib/gcc/arm-none-eabi/12.2.1/../../../arm-none-eabi/lib/thumb/v6-m/nofp/libc.a(lib_a-memset.o)
 .debug_loclists
                0x00000000      0x1ba /usr/lib/gcc/arm-none-eabi/12.2.1/../../../arm-none-eabi/lib/thumb/v6-m/nofp/libc.a(lib_a-memset.o)
 .debug_aranges
                0x00000000       0x20 /usr/lib/gcc/arm-none-eabi/12.2.1/../../../arm-none-eabi/lib/thumb/v6-m/nofp/libc.a(lib_a-memset.o)
 .debug_line    0x00000000      0x1c3 /usr/lib/gcc/arm-none-eabi/12.2.1/../../../arm-none-eabi/lib/thumb/v6-m/nofp/libc.a(lib_a-memset.o)
 .debug_str     0x00000000      0x1a4 /usr/lib/gcc/arm-none-eabi/12.2.1/../../../arm-none-eabi/lib/thumb/v6-m/nofp/libc.a(lib_a-memset.o)
 .comment       0x00000000       0x27 /usr/lib/gcc/arm-none-eabi/12.2.1/../../../arm-none-eabi/lib/thumb/v6-m/nofp/libc.a(lib_a-memset.o)
 .debug_frame   0x00000000       0x30 /usr/lib/gcc/arm-none-eabi/12.2.1/../../../arm-none-eabi/lib/thumb/v6-m/nofp/libc.a(lib_a-memset.o)
 .ARM.attributes
                0x00000000       0x2c /usr/lib/gcc/arm-none-eabi/12.2.1/../../../arm-none-eabi/lib/thumb/v6-m/nofp/libc.a(lib_a-memset.o)
 .data          0x00000000        0x0 /usr/lib/gcc/arm-none-eabi/12.2.1/../../../arm-none-eabi/lib/thumb/v6-m/nofp/libc.a(lib_a-__atexit.o)
 .bss           0x00000000        0x0 /usr/lib/gcc/arm-none-eabi/12.2.1/../../../arm-none-eabi/lib/thumb/v6-m/nofp/libc.a(lib_a-__atexit.o)
 .text          0x00000000       0xe0 /usr/lib/gcc/arm-none-eabi/12.2.1/../../../arm-none-eabi/lib/thumb/v6-m/nofp/libc.a(lib_a-__call_atexit.o)
 .data          0x00000000        0x0 /usr/lib/gcc/arm-none-eabi/12.2.1/../../../arm-none-eabi/lib/thumb/v6-m/nofp/libc.a(lib_a-__call_atexit.o)
 .bss           0x00000000        0x0 /usr/lib/gcc/arm-none-eabi/12.2.1/../../../arm-none-eabi/lib/thumb/v6-m/nofp/libc.a(lib_a-__call_atexit.o)
 .text          0x00000000        0x0 /usr/lib/gcc/arm-none-eabi/12.2.1/thumb/v6-m/nofp/crtend.o
 .data          0x00000000        0x0 /usr/lib/gcc/arm-none-eabi/12.2.1/thumb/v6-m/nofp/crtend.o
 .bss           0x00000000        0x0 /usr/lib/gcc/arm-none-eabi/12.2.1/thumb/v6-m/nofp/crtend.o
 .rodata        0x00000000       0x24 /usr/lib/gcc/arm-none-eabi/12.2.1/thumb/v6-m/nofp/crtend.o
 .text          0x00000000        0x0 /usr/lib/gcc/arm-none-eabi/12.2.1/thumb/v6-m/nofp/crtn.o
 .data          0x00000000        0x0 /usr/lib/gcc/arm-none-eabi/12.2.1/thumb/v6-m/nofp/crtn.o
 .bss           0x00000000        0x0 /usr/lib/gcc/arm-none-eabi/12.2.1/thumb/v6-m/nofp/crtn.o

Memory Configuration

Name             Origin             Length             Attributes
FLASH            0x00000000         0x00040000         xr
RAM              0x20000000         0x00008000         xrw
*default*        0x00000000         0xffffffff

Linker script and memory map

LOAD /usr/lib/gcc/arm-none-eabi/12.2.1/thumb/v6-m/nofp/crti.o
LOAD /usr/lib/gcc/arm-none-eabi/12.2.1/thumb/v6-m/nofp/crtbegin.o
LOAD /usr/lib/gcc/arm-none-eabi/12.2.1/../../../arm-none-eabi/lib/thumb/v6-m/nofp/crt0.o
LOAD build/sam_d21_xpro/production/_ext/600686086/plib_clock.o
LOAD build/sam_d21_xpro/production/_ext/602835572/plib_evsys.o
LOAD build/sam_d21_xpro/production/_ext/2097924074/plib_nvic.o
LOAD build/sam_d21_xpro/production/_ext/1104193656/plib_nvmctrl.o
LOAD build/sam_d21_xpro/production/_ext/2097977225/plib_port.o
LOAD build/sam_d21_xpro/production/_ext/869718558/plib_systick.o
LOAD build/sam_d21_xpro/production/_ext/2010529844/plib_tcc0.o
LOAD build/sam_d21_xpro/production/_ext/128142748/initialization.o
LOAD build/sam_d21_xpro/production/_ext/128142748/interrupts.o
LOAD build/sam_d21_xpro/production/_ext/128142748/exceptions.o
LOAD build/sam_d21_xpro/production/_ext/128142748/libc_syscalls.o
LOAD build/sam_d21_xpro/production/_ext/1360937237/main.o
LOAD build/sam_d21_xpro/production/_ext/128142748/startup_gcc.o
                0x00000001                        __MPLAB_BUILD = 0x1
START GROUP
LOAD /usr/lib/gcc/arm-none-eabi/12.2.1/thumb/v6-m/nofp/libgcc.a
LOAD /usr/lib/gcc/arm-none-eabi/12.2.1/../../../arm-none-eabi/lib/thumb/v6-m/nofp/libc.a
END GROUP
START GROUP
LOAD /usr/lib/gcc/arm-none-eabi/12.2.1/thumb/v6-m/nofp/libgcc.a
LOAD /usr/lib/gcc/arm-none-eabi/12.2.1/../../../arm-none-eabi/lib/thumb/v6-m/nofp/libc.a
LOAD /usr/lib/gcc/arm-none-eabi/12.2.1/../../../arm-none-eabi/lib/thumb/v6-m/nofp/libnosys.a
END GROUP
LOAD /usr/lib/gcc/arm-none-eabi/12.2.1/thumb/v6-m/nofp/crtend.o
LOAD /usr/lib/gcc/arm-none-eabi/12.2.1/thumb/v6-m/nofp/crtn.o
                0x00000000                        __ROM_BASE = 0x0
                0x00040000                        __ROM_SIZE = 0x40000
                0x20000000                        __RAM_BASE = 0x20000000
                0x00008000                        __RAM_SIZE = 0x8000
                0x00002000                        __STACK_SIZE = 0x2000
                0x00001000                        __HEAP_SIZE = 0x1000

.text           0x00000000      0x63c
 *(.vectors)
 .vectors       0x00000000       0xb0 build/sam_d21_xpro/production/_ext/128142748/interrupts.o
                0x00000000                g_pfnVectors
 *(.text*)
 .text          0x000000b0       0x98 /usr/lib/gcc/arm-none-eabi/12.2.1/thumb/v6-m/nofp/crtbegin.o
 .text.CLOCK_Initialize
                0x00000148       0x98 build/sam_d21_xpro/production/_ext/600686086/plib_clock.o
                0x00000148                CLOCK_Initialize
 .text.NVIC_Initialize
                0x000001e0       0x28 build/sam_d21_xpro/production/_ext/2097924074/plib_nvic.o
                0x000001e0                NVIC_Initialize
 .text.NVMCTRL_Initialize
                0x00000208        0xc build/sam_d21_xpro/production/_ext/1104193656/plib_nvmctrl.o
                0x00000208                NVMCTRL_Initialize
 .text.PORT_Initialize
                0x00000214       0x38 build/sam_d21_xpro/production/_ext/2097977225/plib_port.o
                0x00000214                PORT_Initialize
 .text.SYSTICK_TimerInitialize
                0x0000024c       0x24 build/sam_d21_xpro/production/_ext/869718558/plib_systick.o
                0x0000024c                SYSTICK_TimerInitialize
 .text.SysTick_Handler
                0x00000270       0x24 build/sam_d21_xpro/production/_ext/869718558/plib_systick.o
                0x00000270                SysTick_Handler
 .text.TCC0_PWMInitialize
                0x00000294       0x48 build/sam_d21_xpro/production/_ext/2010529844/plib_tcc0.o
                0x00000294                TCC0_PWMInitialize
 .text.TCC0_PWMStart
                0x000002dc       0x18 build/sam_d21_xpro/production/_ext/2010529844/plib_tcc0.o
                0x000002dc                TCC0_PWMStart
 .text.TCC0_PWM24bitPeriodGet
                0x000002f4       0x18 build/sam_d21_xpro/production/_ext/2010529844/plib_tcc0.o
                0x000002f4                TCC0_PWM24bitPeriodGet
 .text.TCC0_PWMCallbackRegister
                0x0000030c        0xc build/sam_d21_xpro/production/_ext/2010529844/plib_tcc0.o
                0x0000030c                TCC0_PWMCallbackRegister
 .text.TCC0_InterruptHandler
                0x00000318       0x28 build/sam_d21_xpro/production/_ext/2010529844/plib_tcc0.o
                0x00000318                TCC0_InterruptHandler
 .text.SYS_Initialize
                0x00000340       0x40 build/sam_d21_xpro/production/_ext/128142748/initialization.o
                0x00000340                SYS_Initialize
 .text.Dummy_Handler
                0x00000380        0x2 build/sam_d21_xpro/production/_ext/128142748/interrupts.o
                0x00000380                SVCall_Handler
                0x00000380                DMAC_Handler
                0x00000380                AC_Handler
                0x00000380                PendSV_Handler
                0x00000380                TC7_Handler
                0x00000380                SERCOM1_Handler
                0x00000380                ADC_Handler
                0x00000380                TCC1_Handler
                0x00000380                SERCOM2_Handler
                0x00000380                RTC_Handler
                0x00000380                EIC_Handler
                0x00000380                TC6_Handler
                0x00000380                WDT_Handler
                0x00000380                TC4_Handler
                0x00000380                USB_Handler
                0x00000380                TC3_Handler
                0x00000380                Dummy_Handler
                0x00000380                PM_Handler
                0x00000380                SERCOM5_Handler
                0x00000380                TCC2_Handler
                0x00000380                EVSYS_Handler
                0x00000380                SERCOM3_Handler
                0x00000380                SERCOM4_Handler
                0x00000380                I2S_Handler
                0x00000380                NVMCTRL_Handler
                0x00000380                SERCOM0_Handler
                0x00000380                DAC_Handler
                0x00000380                PTC_Handler
                0x00000380                TC5_Handler
                0x00000380                SYSCTRL_Handler
 .text.NonMaskableInt_Handler
                0x00000382        0x2 build/sam_d21_xpro/production/_ext/128142748/exceptions.o
                0x00000382                NonMaskableInt_Handler
 .text.HardFault_Handler
                0x00000384        0x2 build/sam_d21_xpro/production/_ext/128142748/exceptions.o
                0x00000384                HardFault_Handler
 *fill*         0x00000386        0x2 
 .text.TCC_PeriodEventHandler
                0x00000388       0x68 build/sam_d21_xpro/production/_ext/1360937237/main.o
                0x00000388                TCC_PeriodEventHandler
 .text.startup.main
                0x000003f0       0x38 build/sam_d21_xpro/production/_ext/1360937237/main.o
                0x000003f0                main
 .text.Dummy_App_Func
                0x00000428        0x2 build/sam_d21_xpro/production/_ext/128142748/startup_gcc.o
                0x00000428                _on_reset
                0x00000428                _on_bootstrap
                0x00000428                Dummy_App_Func
 *fill*         0x0000042a        0x2 
 .text.Reset_Handler
                0x0000042c       0xd8 build/sam_d21_xpro/production/_ext/128142748/startup_gcc.o
                0x0000042c                Reset_Handler
 .text          0x00000504       0x10 /usr/lib/gcc/arm-none-eabi/12.2.1/../../../arm-none-eabi/lib/thumb/v6-m/nofp/libc.a(lib_a-atexit.o)
                0x00000504                atexit
 .text          0x00000514       0x28 /usr/lib/gcc/arm-none-eabi/12.2.1/../../../arm-none-eabi/lib/thumb/v6-m/nofp/libc.a(lib_a-fini.o)
                0x00000514                __libc_fini_array
 .text          0x0000053c       0x48 /usr/lib/gcc/arm-none-eabi/12.2.1/../../../arm-none-eabi/lib/thumb/v6-m/nofp/libc.a(lib_a-init.o)
                0x0000053c                __libc_init_array
 .text          0x00000584       0x80 /usr/lib/gcc/arm-none-eabi/12.2.1/../../../arm-none-eabi/lib/thumb/v6-m/nofp/libc.a(lib_a-__atexit.o)
                0x00000584                __register_exitproc
 .text.startup  0x00000604       0x18 /usr/lib/gcc/arm-none-eabi/12.2.1/../../../arm-none-eabi/lib/thumb/v6-m/nofp/libc.a(lib_a-__call_atexit.o)
 *(.init)
 .init          0x0000061c        0x4 /usr/lib/gcc/arm-none-eabi/12.2.1/thumb/v6-m/nofp/crti.o
                0x0000061c                _init
 .init          0x00000620        0x8 /usr/lib/gcc/arm-none-eabi/12.2.1/thumb/v6-m/nofp/crtn.o
 *(.fini)
 .fini          0x00000628        0x4 /usr/lib/gcc/arm-none-eabi/12.2.1/thumb/v6-m/nofp/crti.o
                0x00000628                _fini
 .fini          0x0000062c        0x8 /usr/lib/gcc/arm-none-eabi/12.2.1/thumb/v6-m/nofp/crtn.o
 *crtbegin.o(.ctors)
 *crtbegin?.o(.ctors)
 *(EXCLUDE_FILE(*crtend.o *crtend?.o) .ctors)
 *(SORT_BY_NAME(.ctors.*))
 *(.ctors)
 *crtbegin.o(.dtors)
 *crtbegin?.o(.dtors)
 *(EXCLUDE_FILE(*crtend.o *crtend?.o) .dtors)
 *(SORT_BY_NAME(.dtors.*))
 *(.dtors)
 *(.rodata*)
 .rodata        0x00000634        0x4 /usr/lib/gcc/arm-none-eabi/12.2.1/../../../arm-none-eabi/lib/thumb/v6-m/nofp/libc.a(lib_a-impure.o)
                0x00000634                _global_impure_ptr
 *(.eh_frame*)
 .eh_frame      0x00000638        0x0 /usr/lib/gcc/arm-none-eabi/12.2.1/thumb/v6-m/nofp/crtbegin.o
 .eh_frame      0x00000638        0x4 /usr/lib/gcc/arm-none-eabi/12.2.1/thumb/v6-m/nofp/crtend.o

.glue_7         0x0000063c        0x0
 .glue_7        0x0000063c        0x0 linker stubs

.glue_7t        0x0000063c        0x0
 .glue_7t       0x0000063c        0x0 linker stubs

.vfp11_veneer   0x0000063c        0x0
 .vfp11_veneer  0x0000063c        0x0 linker stubs

.v4_bx          0x0000063c        0x0
 .v4_bx         0x0000063c        0x0 linker stubs

.iplt           0x0000063c        0x0
 .iplt          0x0000063c        0x0 /usr/lib/gcc/arm-none-eabi/12.2.1/thumb/v6-m/nofp/crtbegin.o

.rel.dyn        0x0000063c        0x0
 .rel.iplt      0x0000063c        0x0 /usr/lib/gcc/arm-none-eabi/12.2.1/thumb/v6-m/nofp/crtbegin.o

.ARM.extab
 *(.ARM.extab* .gnu.linkonce.armextab.*)
                0x0000063c                        __exidx_start = .

.ARM.exidx
 *(.ARM.exidx* .gnu.linkonce.armexidx.*)
                0x0000063c                        __exidx_end = .

.copy.table     0x0000063c       0x18
                0x0000063c                        . = ALIGN (0x4)
                0x0000063c                        __copy_table_start__ = .
                0x0000063c        0x4 LONG 0x65c __etext
                0x00000640        0x4 LONG 0x20000000 __data_start__
                0x00000644        0x4 LONG 0x111 ((__data_end__ - __data_start__) / 0x4)
                0x00000648        0x4 LONG 0xaa0 __etext2
                0x0000064c        0x4 LONG 0x20000444 __ramfunc_start__
                0x00000650        0x4 LONG 0x0 ((__ramfunc_end__ - __ramfunc_start__) / 0x4)
                0x00000654                        __copy_table_end__ = .

.zero.table     0x00000654        0x8
                0x00000654                        . = ALIGN (0x4)
                0x00000654                        __zero_table_start__ = .
                0x00000654        0x4 LONG 0x20000444 __bss_start__
                0x00000658        0x4 LONG 0xe ((__bss_end__ - __bss_start__) / 0x4)
                0x0000065c                        __zero_table_end__ = .
                0x0000065c                        __etext = ALIGN (0x4)

.data           0x20000000      0x444 load address 0x0000065c
                0x20000000                        __data_start__ = .
 *(vtable)
 *(.data)
 .data          0x20000000        0x8 build/sam_d21_xpro/production/_ext/1360937237/main.o
 .data          0x20000008      0x430 /usr/lib/gcc/arm-none-eabi/12.2.1/../../../arm-none-eabi/lib/thumb/v6-m/nofp/libc.a(lib_a-impure.o)
                0x20000008                _impure_ptr
 *(.data.*)
                0x20000438                        . = ALIGN (0x4)
                0x20000438                        PROVIDE (__preinit_array_start = .)
 *(.preinit_array)
                0x20000438                        PROVIDE (__preinit_array_end = .)
                0x20000438                        . = ALIGN (0x4)
                0x20000438                        PROVIDE (__init_array_start = .)
 *(SORT_BY_NAME(.init_array.*))
 .init_array.00000
                0x20000438        0x4 /usr/lib/gcc/arm-none-eabi/12.2.1/../../../arm-none-eabi/lib/thumb/v6-m/nofp/libc.a(lib_a-__call_atexit.o)
 *(.init_array)
 .init_array    0x2000043c        0x4 /usr/lib/gcc/arm-none-eabi/12.2.1/thumb/v6-m/nofp/crtbegin.o
                0x20000440                        PROVIDE (__init_array_end = .)
                0x20000440                        . = ALIGN (0x4)
                0x20000440                        PROVIDE (__fini_array_start = .)
 *(SORT_BY_NAME(.fini_array.*))
 *(.fini_array)
 .fini_array    0x20000440        0x4 /usr/lib/gcc/arm-none-eabi/12.2.1/thumb/v6-m/nofp/crtbegin.o
                0x20000444                        PROVIDE (__fini_array_end = .)
 *(.jcr*)
                0x20000444                        . = ALIGN (0x4)
                0x20000444                        __data_end__ = .
                0x00000aa0                        __etext2 = (__etext + SIZEOF (.data))

.tm_clone_table
                0x20000444        0x0 load address 0x00000aa0
 .tm_clone_table
                0x20000444        0x0 /usr/lib/gcc/arm-none-eabi/12.2.1/thumb/v6-m/nofp/crtbegin.o
 .tm_clone_table
                0x20000444        0x0 /usr/lib/gcc/arm-none-eabi/12.2.1/thumb/v6-m/nofp/crtend.o

.igot.plt       0x20000444        0x0 load address 0x00000aa0
 .igot.plt      0x20000444        0x0 /usr/lib/gcc/arm-none-eabi/12.2.1/thumb/v6-m/nofp/crtbegin.o

.ramfunc        0x20000444        0x0 load address 0x00000aa0
                0x20000444                        . = ALIGN (0x4)
                0x20000444                        __ramfunc_start__ = .
 *(.ramfunc)
 *(.ramfunc.*)
                0x20000444                        . = ALIGN (0x4)
                0x20000444                        __ramfunc_end__ = .

.bss            0x20000444       0x38
                0x20000444                        . = ALIGN (0x4)
                0x20000444                        __bss_start__ = .
 *(.bss)
 .bss           0x20000444       0x1c /usr/lib/gcc/arm-none-eabi/12.2.1/thumb/v6-m/nofp/crtbegin.o
 .bss           0x20000460        0xc build/sam_d21_xpro/production/_ext/869718558/plib_systick.o
 .bss           0x2000046c        0x8 build/sam_d21_xpro/production/_ext/2010529844/plib_tcc0.o
 .bss           0x20000474        0x8 build/sam_d21_xpro/production/_ext/1360937237/main.o
 *(.bss.*)
 *(COMMON)
                0x2000047c                        . = ALIGN (0x4)
                0x2000047c                        __bss_end__ = .

.heap           0x2000047c     0x1004
                0x20000480                        . = ALIGN (0x8)
 *fill*         0x2000047c        0x4 
                0x20000480                        __end__ = .
                [!provide]                        PROVIDE (end = .)
                0x20001480                        . = (. + __HEAP_SIZE)
 *fill*         0x20000480     0x1000 
                0x20001480                        . = ALIGN (0x8)
                0x20001480                        __HeapLimit = .

.stack          0x20006000     0x2000
                0x20006000                        . = ALIGN (0x8)
                0x20006000                        __StackLimit = .
                0x20008000                        . = (. + __STACK_SIZE)
 *fill*         0x20006000     0x2000 
                0x20008000                        . = ALIGN (0x8)
                0x20008000                        __StackTop = .
                0x20008000                        PROVIDE (__stack = __StackTop)
                0x00000000                        PROVIDE (_sfixed = ADDR (.text))
                [!provide]                        PROVIDE (_efixed = (ADDR (.text) + SIZEOF (.text)))
                [!provide]                        PROVIDE (_etext = __etext)
                [!provide]                        PROVIDE (_srelocate = __data_start__)
                [!provide]                        PROVIDE (_erelocate = __data_end__)
                [!provide]                        PROVIDE (_szero = __bss_start__)
                [!provide]                        PROVIDE (_ezero = __bss_end__)
                [!provide]                        PROVIDE (_sstack = __StackLimit)
                [!provide]                        PROVIDE (_estack = __StackTop)
                [!provide]                        PROVIDE (_stack = __StackTop)
                0x00000001                        ASSERT ((__StackLimit >= __HeapLimit), region RAM overflowed with stack)
OUTPUT(dist/sam_d21_xpro/production/motor-controller-samd21.X.production.elf elf32-littlearm)
LOAD linker stubs

.ARM.attributes
                0x00000000       0x28
 .ARM.attributes
                0x00000000       0x1e /usr/lib/gcc/arm-none-eabi/12.2.1/thumb/v6-m/nofp/crti.o
 .ARM.attributes
                0x0000001e       0x2c /usr/lib/gcc/arm-none-eabi/12.2.1/thumb/v6-m/nofp/crtbegin.o
 .ARM.attributes
                0x0000004a       0x2c build/sam_d21_xpro/production/_ext/600686086/plib_clock.o
 .ARM.attributes
                0x00000076       0x2c build/sam_d21_xpro/production/_ext/2097924074/plib_nvic.o
 .ARM.attributes
                0x000000a2       0x2c build/sam_d21_xpro/production/_ext/1104193656/plib_nvmctrl.o
 .ARM.attributes
                0x000000ce       0x2c build/sam_d21_xpro/production/_ext/2097977225/plib_port.o
 .ARM.attributes
                0x000000fa       0x2c build/sam_d21_xpro/production/_ext/869718558/plib_systick.o
 .ARM.attributes
                0x00000126       0x2c build/sam_d21_xpro/production/_ext/2010529844/plib_tcc0.o
 .ARM.attributes
                0x00000152       0x2c build/sam_d21_xpro/production/_ext/128142748/initialization.o
 .ARM.attributes
                0x0000017e       0x2c build/sam_d21_xpro/production/_ext/128142748/interrupts.o
 .ARM.attributes
                0x000001aa       0x2c build/sam_d21_xpro/production/_ext/128142748/exceptions.o
 .ARM.attributes
                0x000001d6       0x2c build/sam_d21_xpro/production/_ext/1360937237/main.o
 .ARM.attributes
                0x00000202       0x2c build/sam_d21_xpro/production/_ext/128142748/startup_gcc.o
 .ARM.attributes
                0x0000022e       0x2c /usr/lib/gcc/arm-none-eabi/12.2.1/../../../arm-none-eabi/lib/thumb/v6-m/nofp/libc.a(lib_a-atexit.o)
 .ARM.attributes
                0x0000025a       0x2c /usr/lib/gcc/arm-none-eabi/12.2.1/../../../arm-none-eabi/lib/thumb/v6-m/nofp/libc.a(lib_a-fini.o)
 .ARM.attributes
                0x00000286       0x2c /usr/lib/gcc/arm-none-eabi/12.2.1/../../../arm-none-eabi/lib/thumb/v6-m/nofp/libc.a(lib_a-impure.o)
 .ARM.attributes
                0x000002b2       0x2c /usr/lib/gcc/arm-none-eabi/12.2.1/../../../arm-none-eabi/lib/thumb/v6-m/nofp/libc.a(lib_a-init.o)
 .ARM.attributes
                0x000002de       0x2c /usr/lib/gcc/arm-none-eabi/12.2.1/../../../arm-none-eabi/lib/thumb/v6-m/nofp/libc.a(lib_a-__atexit.o)
 .ARM.attributes
                0x0000030a       0x2c /usr/lib/gcc/arm-none-eabi/12.2.1/../../../arm-none-eabi/lib/thumb/v6-m/nofp/libc.a(lib_a-__call_atexit.o)
 .ARM.attributes
                0x00000336       0x2c /usr/lib/gcc/arm-none-eabi/12.2.1/thumb/v6-m/nofp/crtend.o
 .ARM.attributes
                0x00000362       0x1e /usr/lib/gcc/arm-none-eabi/12.2.1/thumb/v6-m/nofp/crtn.o

.comment        0x00000000       0x26
 .comment       0x00000000       0x26 /usr/lib/gcc/arm-none-eabi/12.2.1/thumb/v6-m/nofp/crtbegin.o
                                 0x27 (size before relaxing)
 .comment       0x00000026       0x27 build/sam_d21_xpro/production/_ext/600686086/plib_clock.o
 .comment       0x00000026       0x27 build/sam_d21_xpro/production/_ext/2097924074/plib_nvic.o
 .comment       0x00000026       0x27 build/sam_d21_xpro/production/_ext/1104193656/plib_nvmctrl.o
 .comment       0x00000026       0x27 build/sam_d21_xpro/production/_ext/2097977225/plib_port.o
 .comment       0x00000026       0x27 build/sam_d21_xpro/production/_ext/869718558/plib_systick.o
 .comment       0x00000026       0x27 build/sam_d21_xpro/production/_ext/2010529844/plib_tcc0.o
 .comment       0x00000026       0x27 build/sam_d21_xpro/production/_ext/128142748/initialization.o
 .comment       0x00000026       0x27 build/sam_d21_xpro/production/_ext/128142748/interrupts.o
 .comment       0x00000026       0x27 build/sam_d21_xpro/production/_ext/128142748/exceptions.o
 .comment       0x00000026       0x27 build/sam_d21_xpro/production/_ext/1360937237/main.o
 .comment       0x00000026       0x27 build/sam_d21_xpro/production/_ext/128142748/startup_gcc.o
 .comment       0x00000026       0x27 /usr/lib/gcc/arm-none-eabi/12.2.1/../../../arm-none-eabi/lib/thumb/v6-m/nofp/libc.a(lib_a-atexit.o)
 .comment       0x00000026       0x27 /usr/lib/gcc/arm-none-eabi/12.2.1/../../../arm-none-eabi/lib/thumb/v6-m/nofp/libc.a(lib_a-fini.o)
 .comment       0x00000026       0x27 /usr/lib/gcc/arm-none-eabi/12.2.1/../../../arm-none-eabi/lib/thumb/v6-m/nofp/libc.a(lib_a-impure.o)
 .comment       0x00000026       0x27 /usr/lib/gcc/arm-none-eabi/12.2.1/../../../arm-none-eabi/lib/thumb/v6-m/nofp/libc.a(lib_a-init.o)
 .comment       0x00000026       0x27 /usr/lib/gcc/arm-none-eabi/12.2.1/../../../arm-none-eabi/lib/thumb/v6-m/nofp/libc.a(lib_a-__atexit.o)
 .comment       0x00000026       0x27 /usr/lib/gcc/arm-none-eabi/12.2.1/../../../arm-none-eabi/lib/thumb/v6-m/nofp/libc.a(lib_a-__call_atexit.o)
 .comment       0x00000026       0x27 /usr/lib/gcc/arm-none-eabi/12.2.1/thumb/v6-m/nofp/crtend.o

.debug_info     0x00000000     0x1eeb
 .debug_info    0x00000000      0x118 /usr/lib/gcc/arm-none-eabi/12.2.1/../../../arm-none-eabi/lib/thumb/v6-m/nofp/libc.a(lib_a-atexit.o)
 .debug_info    0x00000118       0xf7 /usr/lib/gcc/arm-none-eabi/12.2.1/../../../arm-none-eabi/lib/thumb/v6-m/nofp/libc.a(lib_a-fini.o)
 .debug_info    0x0000020f      0x8be /usr/lib/gcc/arm-none-eabi/12.2.1/../../../arm-none-eabi/lib/thumb/v6-m/nofp/libc.a(lib_a-impure.o)
 .debug_info    0x00000acd      0x10b /usr/lib/gcc/arm-none-eabi/12.2.1/../../../arm-none-eabi/lib/thumb/v6-m/nofp/libc.a(lib_a-init.o)
 .debug_info    0x00000bd8      0x941 /usr/lib/gcc/arm-none-eabi/12.2.1/../../../arm-none-eabi/lib/thumb/v6-m/nofp/libc.a(lib_a-__atexit.o)
 .debug_info    0x00001519      0x9d2 /usr/lib/gcc/arm-none-eabi/12.2.1/../../../arm-none-eabi/lib/thumb/v6-m/nofp/libc.a(lib_a-__call_atexit.o)

.debug_abbrev   0x00000000      0x929
 .debug_abbrev  0x00000000       0xbe /usr/lib/gcc/arm-none-eabi/12.2.1/../../../arm-none-eabi/lib/thumb/v6-m/nofp/libc.a(lib_a-atexit.o)
 .debug_abbrev  0x000000be       0xc9 /usr/lib/gcc/arm-none-eabi/12.2.1/../../../arm-none-eabi/lib/thumb/v6-m/nofp/libc.a(lib_a-fini.o)
 .debug_abbrev  0x00000187      0x1ca /usr/lib/gcc/arm-none-eabi/12.2.1/../../../arm-none-eabi/lib/thumb/v6-m/nofp/libc.a(lib_a-impure.o)
 .debug_abbrev  0x00000351       0xc9 /usr/lib/gcc/arm-none-eabi/12.2.1/../../../arm-none-eabi/lib/thumb/v6-m/nofp/libc.a(lib_a-init.o)
 .debug_abbrev  0x0000041a      0x251 /usr/lib/gcc/arm-none-eabi/12.2.1/../../../arm-none-eabi/lib/thumb/v6-m/nofp/libc.a(lib_a-__atexit.o)
 .debug_abbrev  0x0000066b      0x2be /usr/lib/gcc/arm-none-eabi/12.2.1/../../../arm-none-eabi/lib/thumb/v6-m/nofp/libc.a(lib_a-__call_atexit.o)

.debug_loclists
                0x00000000      0x2f7
 .debug_loclists
                0x00000000       0x25 /usr/lib/gcc/arm-none-eabi/12.2.1/../../../arm-none-eabi/lib/thumb/v6-m/nofp/libc.a(lib_a-atexit.o)
 .debug_loclists
                0x00000025       0x2c /usr/lib/gcc/arm-none-eabi/12.2.1/../../../arm-none-eabi/lib/thumb/v6-m/nofp/libc.a(lib_a-fini.o)
 .debug_loclists
                0x00000051       0x5a /usr/lib/gcc/arm-none-eabi/12.2.1/../../../arm-none-eabi/lib/thumb/v6-m/nofp/libc.a(lib_a-init.o)
 .debug_loclists
                0x000000ab       0xd8 /usr/lib/gcc/arm-none-eabi/12.2.1/../../../arm-none-eabi/lib/thumb/v6-m/nofp/libc.a(lib_a-__atexit.o)
 .debug_loclists
                0x00000183      0x174 /usr/lib/gcc/arm-none-eabi/12.2.1/../../../arm-none-eabi/lib/thumb/v6-m/nofp/libc.a(lib_a-__call_atexit.o)

.debug_aranges  0x00000000       0xc0
 .debug_aranges
                0x00000000       0x20 /usr/lib/gcc/arm-none-eabi/12.2.1/../../../arm-none-eabi/lib/thumb/v6-m/nofp/libc.a(lib_a-atexit.o)
 .debug_aranges
                0x00000020       0x20 /usr/lib/gcc/arm-none-eabi/12.2.1/../../../arm-none-eabi/lib/thumb/v6-m/nofp/libc.a(lib_a-fini.o)
 .debug_aranges
                0x00000040       0x18 /usr/lib/gcc/arm-none-eabi/12.2.1/../../../arm-none-eabi/lib/thumb/v6-m/nofp/libc.a(lib_a-impure.o)
 .debug_aranges
                0x00000058       0x20 /usr/lib/gcc/arm-none-eabi/12.2.1/../../../arm-none-eabi/lib/thumb/v6-m/nofp/libc.a(lib_a-init.o)
 .debug_aranges
                0x00000078       0x20 /usr/lib/gcc/arm-none-eabi/12.2.1/../../../arm-none-eabi/lib/thumb/v6-m/nofp/libc.a(lib_a-__atexit.o)
 .debug_aranges
                0x00000098       0x28 /usr/lib/gcc/arm-none-eabi/12.2.1/../../../arm-none-eabi/lib/thumb/v6-m/nofp/libc.a(lib_a-__call_atexit.o)

.debug_line     0x00000000      0x7d8
 .debug_line    0x00000000       0xbd /usr/lib/gcc/arm-none-eabi/12.2.1/../../../arm-none-eabi/lib/thumb/v6-m/nofp/libc.a(lib_a-atexit.o)
 .debug_line    0x000000bd       0xe3 /usr/lib/gcc/arm-none-eabi/12.2.1/../../../arm-none-eabi/lib/thumb/v6-m/nofp/libc.a(lib_a-fini.o)
 .debug_line    0x000001a0       0xde /usr/lib/gcc/arm-none-eabi/12.2.1/../../../arm-none-eabi/lib/thumb/v6-m/nofp/libc.a(lib_a-impure.o)
 .debug_line    0x0000027e      0x113 /usr/lib/gcc/arm-none-eabi/12.2.1/../../../arm-none-eabi/lib/thumb/v6-m/nofp/libc.a(lib_a-init.o)
 .debug_line    0x00000391      0x1b8 /usr/lib/gcc/arm-none-eabi/12.2.1/../../../arm-none-eabi/lib/thumb/v6-m/nofp/libc.a(lib_a-__atexit.o)
 .debug_line    0x00000549      0x28f /usr/lib/gcc/arm-none-eabi/12.2.1/../../../arm-none-eabi/lib/thumb/v6-m/nofp/libc.a(lib_a-__call_atexit.o)

.debug_str      0x00000000      0x7f7
 .debug_str     0x00000000      0x18d /usr/lib/gcc/arm-none-eabi/12.2.1/../../../arm-none-eabi/lib/thumb/v6-m/nofp/libc.a(lib_a-atexit.o)
                                0x1cd (size before relaxing)
 .debug_str     0x0000018d       0xbe /usr/lib/gcc/arm-none-eabi/12.2.1/../../../arm-none-eabi/lib/thumb/v6-m/nofp/libc.a(lib_a-fini.o)
                                0x1c5 (size before relaxing)
 .debug_str     0x0000024b      0x449 /usr/lib/gcc/arm-none-eabi/12.2.1/../../../arm-none-eabi/lib/thumb/v6-m/nofp/libc.a(lib_a-impure.o)
                                0x56b (size before relaxing)
 .debug_str     0x00000694       0x96 /usr/lib/gcc/arm-none-eabi/12.2.1/../../../arm-none-eabi/lib/thumb/v6-m/nofp/libc.a(lib_a-init.o)
                                0x1ef (size before relaxing)
 .debug_str     0x0000072a       0x3b /usr/lib/gcc/arm-none-eabi/12.2.1/../../../arm-none-eabi/lib/thumb/v6-m/nofp/libc.a(lib_a-__atexit.o)
                                0x5a5 (size before relaxing)
 .debug_str     0x00000765       0x92 /usr/lib/gcc/arm-none-eabi/12.2.1/../../../arm-none-eabi/lib/thumb/v6-m/nofp/libc.a(lib_a-__call_atexit.o)
                                0x5d1 (size before relaxing)

.debug_frame    0x00000000      0x108
 .debug_frame   0x00000000       0x28 /usr/lib/gcc/arm-none-eabi/12.2.1/../../../arm-none-eabi/lib/thumb/v6-m/nofp/libc.a(lib_a-atexit.o)
 .debug_frame   0x00000028       0x2c /usr/lib/gcc/arm-none-eabi/12.2.1/../../../arm-none-eabi/lib/thumb/v6-m/nofp/libc.a(lib_a-fini.o)
 .debug_frame   0x00000054       0x2c /usr/lib/gcc/arm-none-eabi/12.2.1/../../../arm-none-eabi/lib/thumb/v6-m/nofp/libc.a(lib_a-init.o)
 .debug_frame   0x00000080       0x34 /usr/lib/gcc/arm-none-eabi/12.2.1/../../../arm-none-eabi/lib/thumb/v6-m/nofp/libc.a(lib_a-__atexit.o)
 .debug_frame   0x000000b4       0x54 /usr/lib/gcc/arm-none-eabi/12.2.1/../../../arm-none-eabi/lib/thumb/v6-m/nofp/libc.a(lib_a-__call_atexit.o)

.debug_rnglists
                0x00000000       0x2f
 .debug_rnglists
                0x00000000       0x2f /usr/lib/gcc/arm-none-eabi/12.2.1/../../../arm-none-eabi/lib/thumb/v6-m/nofp/libc.a(lib_a-__call_atexit.o)
